<html>
<body>
<pre>
<h1>µVision Build Log</h1>
<h2>Tool Versions:</h2>
IDE-Version: ¦ÌVision V5.26.2.0
Copyright (C) 2018 ARM Ltd and ARM Germany GmbH. All rights reserved.
License Information: test test, test, LIC=2TTJJ-UNI0L-XBTEC-7C3F4-1VVYP-6E1ZV
 
Tool Versions:
Toolchain:       MDK-ARM Professional  Version: 5.26.2.0
Toolchain Path:  C:\Keil_v5\ARM\ARMCLANG\Bin
C Compiler:      ArmClang.exe V6.10.1
Assembler:       Armasm.exe V6.10.1
Linker/Locator:  ArmLink.exe V6.10.1
Library Manager: ArmAr.exe V6.10.1
Hex Converter:   FromElf.exe V6.10.1
CPU DLL:         SARMCM3.DLL V5.26.2.0
Dialog DLL:      DCM.DLL V1.17.2.0
Target DLL:      DbgFM.DLL V1.15.32.0
Dialog DLL:      TCM.DLL V1.36.1.0
 
<h2>Project:</h2>
C:\Users\test\Desktop\GitHub\Thread_and_Pt_test\Thread_and_Pt_test\source\example\project\mdk\Blinky.uvprojx
Project File Date:  08/19/2019

<h2>Output:</h2>
*** Using Compiler 'V6.10.1', folder: 'C:\Keil_v5\ARM\ARMCLANG\Bin'
Rebuild Project 'Blinky' - Target 'demo_armv7-m'
creating list file for class_simple_demo.c...
compiling class_simple_demo.c...
compiling user_retarget.c...
creating list file for user_retarget.c...
compiling class_demo.c...
creating list file for class_demo.c...
creating list file for main_thread_test.c...
compiling main_thread_test.c...
compiling systick.c...
creating list file for systick.c...
creating list file for cortex_m_generic.c...
compiling systick_internal.c...
compiling cortex_m_generic.c...
creating list file for systick_internal.c...
creating list file for vsf_arch_abstraction.c...
compiling vsf_hal.c...
creating list file for vsf_hal.c...
compiling vsf_arch_abstraction.c...
creating list file for vsf_os.c...
compiling vsf_eda.c...
compiling vsf_os.c...
creating list file for vsf_eda.c...
compiling vsf_evtq_array.c...
creating list file for vsf_evtq_array.c...
creating list file for vsf_evtq_list.c...
compiling vsf_evtq_list.c...
creating list file for vsf_kernel_bsp.c...
compiling vsf_kernel_bsp.c...
creating list file for vsf_thread.c...
creating list file for vsf_list.c...
compiling vsf_list.c...
compiling vsf_thread.c...
creating list file for vsf_bitmap.c...
creating list file for signal.c...
compiling vsf_bitmap.c...
compiling signal.c...
compiling retarget_io.c...
creating list file for retarget_io.c...
creating list file for code_region.c...
compiling code_region.c...
creating list file for vsf_simple_task.c...
compiling vsf_simple_task.c...
creating list file for vsf_shell.c...
compiling vsf_shell.c...
creating list file for vsf_simple_bmevt.c...
compiling vsf_simple_bmevt.c...
creating list file for vsf_service.c...
creating list file for vsf_pool.c...
compiling vsf_pool.c...
compiling vsf_service.c...
creating list file for driver.c...
compiling vsf_heap.c...
creating list file for vsf_heap.c...
compiling startup_ARMCM7.c...
compiling driver.c...
creating list file for startup_ARMCM7.c...
creating list file for __common.c...
compiling __common.c...
linking...
Program Size: Code=6848 RO-data=1196 RW-data=4 ZI-data=11684  
FromELF: creating hex file...
".\Out\demo.axf" - 0 Error(s), 0 Warning(s).

<h2>Software Packages used:</h2>

Package Vendor: ARM
                http://www.keil.com/pack/ARM.CMSIS.5.4.0.pack
                ARM.CMSIS.5.4.0
                CMSIS (Cortex Microcontroller Software Interface Standard)
   * Component: CORE Version: 5.1.2

Package Vendor: Keil
                http://www.keil.com/pack/Keil.V2M-MPS2_CMx_BSP.1.7.0.pack
                Keil.V2M-MPS2_CMx_BSP.1.7.0
                ARM V2M-MPS2 Board Support PACK for Cortex-M System Design Kit Devices
   * Component: Common Version: 2.0.0

<h2>Collection of Component include folders:</h2>
  .\RTE\_demo_armv7-m
  C:\Keil_v5\ARM\PACK\ARM\CMSIS\5.4.0\CMSIS\Core\Include
  C:\Keil_v5\ARM\PACK\Keil\V2M-MPS2_CMx_BSP\1.7.0\Boards\ARM\V2M-MPS2\Common
  C:\Keil_v5\ARM\PACK\Keil\V2M-MPS2_CMx_BSP\1.7.0\Device\CMSDK_CM7\Include

<h2>Collection of Component Files used:</h2>

   * Component: ARM::CMSIS:CORE:5.1.2

   * Component: Keil.V2M-MPS2::Board Support:Common:2.0.0
      Include file:  Boards\ARM\V2M-MPS2\Common\SMM_MPS2.h
      Include file:  Boards\ARM\V2M-MPS2\Common\Device.h
Build Time Elapsed:  00:00:11
</pre>
</body>
</html>
